Cannot divide by 0.
Invalid grid.
